2026-04-06 13:30:04,403 | INFO | scraper | Scrape finished with 25 records in rent mode from https://www.rightmove.co.uk/property-to-rent/CV.html
2026-04-06 13:35:56,480 | INFO | scraper | Scrape finished with 25 records in rent mode from https://www.rightmove.co.uk/property-to-rent/CV.html
2026-04-06 13:35:56,674 | INFO | scraper | Saved 25 records to D:\Housing Int\real_estate_scraper\data\raw\rent\rightmove_rent_2026-04-06T12-35-56.481137+00-00.csv and inserted 25 new rows into D:\Housing Int\real_estate_scraper\database\raw_data.db
2026-04-06 13:45:48,771 | INFO | scraper | Scrape finished with 25 records in rent mode from https://www.rightmove.co.uk/property-to-rent/CV.html
2026-04-06 13:45:48,845 | INFO | scraper | Inserted 1 new rent rows into D:\Housing Int\real_estate_scraper\database\raw_data.db and skipped 24 duplicates
2026-04-06 13:48:25,496 | INFO | scraper | Scrape finished with 25 records in rent mode from https://www.rightmove.co.uk/property-to-rent/CV.html
2026-04-06 13:48:25,555 | INFO | scraper | Inserted 1 new rent rows into D:\Housing Int\real_estate_scraper\database\raw_data.db and skipped 24 duplicates
2026-04-06 13:49:42,438 | INFO | scraper | Scrape finished with 25 records in rent mode from https://www.rightmove.co.uk/property-to-rent/CV.html
2026-04-06 13:49:42,502 | INFO | scraper | Inserted 1 new rent rows into D:\Housing Int\real_estate_scraper\database\raw_data.db and skipped 24 duplicates
2026-04-06 13:51:10,662 | INFO | scraper | Scrape finished with 25 records in rent mode from https://www.rightmove.co.uk/property-to-rent/CV.html
2026-04-06 13:51:10,729 | INFO | scraper | Inserted 1 new rent rows into D:\Housing Int\real_estate_scraper\database\raw_data.db and skipped 24 duplicates
2026-04-06 13:53:56,857 | INFO | scraper | Scrape finished with 25 records in rent mode from https://www.rightmove.co.uk/property-to-rent/CV.html
2026-04-06 13:53:56,921 | INFO | scraper | Inserted 1 new rent rows into D:\Housing Int\real_estate_scraper\database\raw_data.db and skipped 24 duplicates
2026-04-06 13:57:27,600 | INFO | scraper | Scrape finished with 24 records in rent mode from https://www.rightmove.co.uk/property-to-rent/CV.html
2026-04-06 13:57:27,603 | INFO | scraper | Inserted 0 new rent rows into D:\Housing Int\real_estate_scraper\database\raw_data.db and skipped 24 duplicates
2026-04-06 14:02:06,311 | INFO | scraper | Scrape finished with 25 records in rent mode from https://www.rightmove.co.uk/property-to-rent/CV.html
2026-04-06 14:02:06,392 | INFO | scraper | Inserted 1 new rent rows into D:\Housing Int\real_estate_scraper\database\raw_data.db and skipped 24 duplicates
2026-04-06 14:03:51,100 | INFO | scraper | Scrape finished with 25 records in rent mode from https://www.rightmove.co.uk/property-to-rent/CV.html
2026-04-06 14:03:51,164 | INFO | scraper | Inserted 1 new rent rows into D:\Housing Int\real_estate_scraper\database\raw_data.db and skipped 24 duplicates
2026-04-06 14:03:52,259 | INFO | scraper | Scrape finished with 25 records in buy mode from https://www.rightmove.co.uk/property-for-sale/CV.html
2026-04-06 14:03:52,323 | INFO | scraper | Inserted 25 new buy rows into D:\Housing Int\real_estate_scraper\database\raw_data.db and skipped 0 duplicates
2026-04-06 14:06:31,322 | INFO | scraper | Scrape finished with 25 records in rent mode from https://www.rightmove.co.uk/property-to-rent/CV.html
2026-04-06 14:06:31,446 | INFO | scraper | Inserted 1 new rent rows into D:\Housing Int\real_estate_scraper\database\raw_data.db and skipped 24 duplicates
2026-04-06 14:06:32,706 | INFO | scraper | Scrape finished with 25 records in buy mode from https://www.rightmove.co.uk/property-for-sale/CV.html
2026-04-06 14:06:32,771 | INFO | scraper | Inserted 1 new buy rows into D:\Housing Int\real_estate_scraper\database\raw_data.db and skipped 24 duplicates
2026-04-06 14:08:26,577 | INFO | scraper | Scrape finished with 25 records in rent mode from https://www.rightmove.co.uk/property-to-rent/CV.html
2026-04-06 14:08:26,989 | INFO | scraper | Inserted 25 new rent rows into D:\Housing Int\real_estate_scraper\database\raw_data.db and skipped 0 duplicates
2026-04-06 14:08:27,969 | INFO | scraper | Scrape finished with 25 records in buy mode from https://www.rightmove.co.uk/property-for-sale/CV.html
2026-04-06 14:08:28,039 | INFO | scraper | Inserted 25 new buy rows into D:\Housing Int\real_estate_scraper\database\raw_data.db and skipped 0 duplicates
2026-04-06 14:35:08,031 | INFO | scraper | Scrape finished with 26 records in rent mode for target 'London' page 1 from https://www.rightmove.co.uk/property-to-rent/find.html with params={'locationIdentifier': 'REGION^87490', 'propertyTypes': 'flat,terraced', 'mustHave': 'parking,garden', 'index': '0'}
2026-04-06 14:35:08,865 | INFO | scraper | Scrape finished with 25 records in rent mode for target 'London' page 2 from https://www.rightmove.co.uk/property-to-rent/find.html with params={'locationIdentifier': 'REGION^87490', 'propertyTypes': 'flat,terraced', 'mustHave': 'parking,garden', 'index': '24'}
2026-04-06 14:35:09,663 | INFO | scraper | Scrape finished with 25 records in rent mode for target 'London' page 3 from https://www.rightmove.co.uk/property-to-rent/find.html with params={'locationIdentifier': 'REGION^87490', 'propertyTypes': 'flat,terraced', 'mustHave': 'parking,garden', 'index': '48'}
2026-04-06 14:35:10,825 | INFO | scraper | Scrape finished with 25 records in rent mode for target 'London' page 4 from https://www.rightmove.co.uk/property-to-rent/find.html with params={'locationIdentifier': 'REGION^87490', 'propertyTypes': 'flat,terraced', 'mustHave': 'parking,garden', 'index': '72'}
2026-04-06 14:35:11,609 | INFO | scraper | Scrape finished with 25 records in rent mode for target 'London' page 5 from https://www.rightmove.co.uk/property-to-rent/find.html with params={'locationIdentifier': 'REGION^87490', 'propertyTypes': 'flat,terraced', 'mustHave': 'parking,garden', 'index': '96'}
2026-04-06 14:35:12,346 | INFO | scraper | Scrape finished with 25 records in rent mode for target 'Central London' page 1 from https://www.rightmove.co.uk/property-to-rent/find.html with params={'locationIdentifier': 'REGION^92824', 'propertyTypes': 'flat,terraced', 'mustHave': 'parking,garden', 'index': '0'}
2026-04-06 14:35:13,091 | INFO | scraper | Scrape finished with 25 records in rent mode for target 'Central London' page 2 from https://www.rightmove.co.uk/property-to-rent/find.html with params={'locationIdentifier': 'REGION^92824', 'propertyTypes': 'flat,terraced', 'mustHave': 'parking,garden', 'index': '24'}
2026-04-06 14:35:14,085 | INFO | scraper | Scrape finished with 25 records in rent mode for target 'Central London' page 3 from https://www.rightmove.co.uk/property-to-rent/find.html with params={'locationIdentifier': 'REGION^92824', 'propertyTypes': 'flat,terraced', 'mustHave': 'parking,garden', 'index': '48'}
2026-04-06 14:35:14,900 | INFO | scraper | Scrape finished with 25 records in rent mode for target 'Central London' page 4 from https://www.rightmove.co.uk/property-to-rent/find.html with params={'locationIdentifier': 'REGION^92824', 'propertyTypes': 'flat,terraced', 'mustHave': 'parking,garden', 'index': '72'}
2026-04-06 14:35:15,599 | INFO | scraper | Scrape finished with 25 records in rent mode for target 'Central London' page 5 from https://www.rightmove.co.uk/property-to-rent/find.html with params={'locationIdentifier': 'REGION^92824', 'propertyTypes': 'flat,terraced', 'mustHave': 'parking,garden', 'index': '96'}
2026-04-06 14:35:16,756 | INFO | scraper | Scrape finished with 25 records in rent mode for target 'Wimbledon' page 1 from https://www.rightmove.co.uk/property-to-rent/find.html with params={'locationIdentifier': 'REGION^87540', 'propertyTypes': 'flat,terraced', 'mustHave': 'parking,garden', 'index': '0'}
2026-04-06 14:35:17,558 | INFO | scraper | Scrape finished with 25 records in rent mode for target 'Wimbledon' page 2 from https://www.rightmove.co.uk/property-to-rent/find.html with params={'locationIdentifier': 'REGION^87540', 'propertyTypes': 'flat,terraced', 'mustHave': 'parking,garden', 'index': '24'}
2026-04-06 14:35:18,387 | INFO | scraper | Scrape finished with 25 records in rent mode for target 'Wimbledon' page 3 from https://www.rightmove.co.uk/property-to-rent/find.html with params={'locationIdentifier': 'REGION^87540', 'propertyTypes': 'flat,terraced', 'mustHave': 'parking,garden', 'index': '48'}
2026-04-06 14:35:19,071 | INFO | scraper | Scrape finished with 15 records in rent mode for target 'Wimbledon' page 4 from https://www.rightmove.co.uk/property-to-rent/find.html with params={'locationIdentifier': 'REGION^87540', 'propertyTypes': 'flat,terraced', 'mustHave': 'parking,garden', 'index': '72'}
2026-04-06 14:35:19,629 | INFO | scraper | Scrape finished with 0 records in rent mode for target 'Wimbledon' page 5 from https://www.rightmove.co.uk/property-to-rent/find.html with params={'locationIdentifier': 'REGION^87540', 'propertyTypes': 'flat,terraced', 'mustHave': 'parking,garden', 'index': '96'}
2026-04-06 14:35:20,325 | INFO | scraper | Scrape finished with 25 records in rent mode for target 'North London' page 1 from https://www.rightmove.co.uk/property-to-rent/find.html with params={'locationIdentifier': 'REGION^92826', 'propertyTypes': 'flat,terraced', 'mustHave': 'parking,garden', 'index': '0'}
2026-04-06 14:35:21,159 | INFO | scraper | Scrape finished with 25 records in rent mode for target 'North London' page 2 from https://www.rightmove.co.uk/property-to-rent/find.html with params={'locationIdentifier': 'REGION^92826', 'propertyTypes': 'flat,terraced', 'mustHave': 'parking,garden', 'index': '24'}
2026-04-06 14:35:21,877 | INFO | scraper | Scrape finished with 25 records in rent mode for target 'North London' page 3 from https://www.rightmove.co.uk/property-to-rent/find.html with params={'locationIdentifier': 'REGION^92826', 'propertyTypes': 'flat,terraced', 'mustHave': 'parking,garden', 'index': '48'}
2026-04-06 14:35:23,374 | INFO | scraper | Scrape finished with 36 records in rent mode for target 'North London' page 4 from https://www.rightmove.co.uk/property-to-rent/find.html with params={'locationIdentifier': 'REGION^92826', 'propertyTypes': 'flat,terraced', 'mustHave': 'parking,garden', 'index': '72'}
2026-04-06 14:35:24,216 | INFO | scraper | Scrape finished with 26 records in rent mode for target 'North London' page 5 from https://www.rightmove.co.uk/property-to-rent/find.html with params={'locationIdentifier': 'REGION^92826', 'propertyTypes': 'flat,terraced', 'mustHave': 'parking,garden', 'index': '96'}
2026-04-06 14:35:25,096 | INFO | scraper | Scrape finished with 25 records in rent mode for target 'South London' page 1 from https://www.rightmove.co.uk/property-to-rent/find.html with params={'locationIdentifier': 'REGION^92051', 'propertyTypes': 'flat,terraced', 'mustHave': 'parking,garden', 'index': '0'}
2026-04-06 14:35:25,848 | INFO | scraper | Scrape finished with 25 records in rent mode for target 'South London' page 2 from https://www.rightmove.co.uk/property-to-rent/find.html with params={'locationIdentifier': 'REGION^92051', 'propertyTypes': 'flat,terraced', 'mustHave': 'parking,garden', 'index': '24'}
2026-04-06 14:35:26,977 | INFO | scraper | Scrape finished with 25 records in rent mode for target 'South London' page 3 from https://www.rightmove.co.uk/property-to-rent/find.html with params={'locationIdentifier': 'REGION^92051', 'propertyTypes': 'flat,terraced', 'mustHave': 'parking,garden', 'index': '48'}
2026-04-06 14:35:27,831 | INFO | scraper | Scrape finished with 25 records in rent mode for target 'South London' page 4 from https://www.rightmove.co.uk/property-to-rent/find.html with params={'locationIdentifier': 'REGION^92051', 'propertyTypes': 'flat,terraced', 'mustHave': 'parking,garden', 'index': '72'}
2026-04-06 14:35:28,633 | INFO | scraper | Scrape finished with 25 records in rent mode for target 'South London' page 5 from https://www.rightmove.co.uk/property-to-rent/find.html with params={'locationIdentifier': 'REGION^92051', 'propertyTypes': 'flat,terraced', 'mustHave': 'parking,garden', 'index': '96'}
2026-04-06 14:35:29,400 | INFO | scraper | Scrape finished with 24 records in rent mode for target 'Bromley' page 1 from https://www.rightmove.co.uk/property-to-rent/find.html with params={'locationIdentifier': 'REGION^225', 'propertyTypes': 'flat,terraced', 'mustHave': 'parking,garden', 'index': '0'}
2026-04-06 14:35:29,988 | INFO | scraper | Scrape finished with 8 records in rent mode for target 'Bromley' page 2 from https://www.rightmove.co.uk/property-to-rent/find.html with params={'locationIdentifier': 'REGION^225', 'propertyTypes': 'flat,terraced', 'mustHave': 'parking,garden', 'index': '24'}
2026-04-06 14:35:30,586 | INFO | scraper | Scrape finished with 1 records in rent mode for target 'Bromley' page 3 from https://www.rightmove.co.uk/property-to-rent/find.html with params={'locationIdentifier': 'REGION^225', 'propertyTypes': 'flat,terraced', 'mustHave': 'parking,garden', 'index': '48'}
2026-04-06 14:35:31,091 | INFO | scraper | Scrape finished with 0 records in rent mode for target 'Bromley' page 4 from https://www.rightmove.co.uk/property-to-rent/find.html with params={'locationIdentifier': 'REGION^225', 'propertyTypes': 'flat,terraced', 'mustHave': 'parking,garden', 'index': '72'}
2026-04-06 14:35:31,690 | INFO | scraper | Scrape finished with 0 records in rent mode for target 'Bromley' page 5 from https://www.rightmove.co.uk/property-to-rent/find.html with params={'locationIdentifier': 'REGION^225', 'propertyTypes': 'flat,terraced', 'mustHave': 'parking,garden', 'index': '96'}
2026-04-06 14:35:32,371 | INFO | scraper | Scrape finished with 23 records in rent mode for target 'Beckenham' page 1 from https://www.rightmove.co.uk/property-to-rent/find.html with params={'locationIdentifier': 'REGION^126', 'propertyTypes': 'flat,terraced', 'mustHave': 'parking,garden', 'index': '0'}
2026-04-06 14:35:32,923 | INFO | scraper | Scrape finished with 0 records in rent mode for target 'Beckenham' page 2 from https://www.rightmove.co.uk/property-to-rent/find.html with params={'locationIdentifier': 'REGION^126', 'propertyTypes': 'flat,terraced', 'mustHave': 'parking,garden', 'index': '24'}
2026-04-06 14:35:33,387 | INFO | scraper | Scrape finished with 0 records in rent mode for target 'Beckenham' page 3 from https://www.rightmove.co.uk/property-to-rent/find.html with params={'locationIdentifier': 'REGION^126', 'propertyTypes': 'flat,terraced', 'mustHave': 'parking,garden', 'index': '48'}
2026-04-06 14:35:33,957 | INFO | scraper | Scrape finished with 0 records in rent mode for target 'Beckenham' page 4 from https://www.rightmove.co.uk/property-to-rent/find.html with params={'locationIdentifier': 'REGION^126', 'propertyTypes': 'flat,terraced', 'mustHave': 'parking,garden', 'index': '72'}
2026-04-06 14:35:34,576 | INFO | scraper | Scrape finished with 0 records in rent mode for target 'Beckenham' page 5 from https://www.rightmove.co.uk/property-to-rent/find.html with params={'locationIdentifier': 'REGION^126', 'propertyTypes': 'flat,terraced', 'mustHave': 'parking,garden', 'index': '96'}
2026-04-06 14:35:35,314 | INFO | scraper | Scrape finished with 24 records in rent mode for target 'Hampstead' page 1 from https://www.rightmove.co.uk/property-to-rent/find.html with params={'locationIdentifier': 'REGION^87509', 'propertyTypes': 'flat,terraced', 'mustHave': 'parking,garden', 'index': '0'}
2026-04-06 14:35:35,977 | INFO | scraper | Scrape finished with 25 records in rent mode for target 'Hampstead' page 2 from https://www.rightmove.co.uk/property-to-rent/find.html with params={'locationIdentifier': 'REGION^87509', 'propertyTypes': 'flat,terraced', 'mustHave': 'parking,garden', 'index': '24'}
2026-04-06 14:35:36,548 | INFO | scraper | Scrape finished with 8 records in rent mode for target 'Hampstead' page 3 from https://www.rightmove.co.uk/property-to-rent/find.html with params={'locationIdentifier': 'REGION^87509', 'propertyTypes': 'flat,terraced', 'mustHave': 'parking,garden', 'index': '48'}
2026-04-06 14:35:37,038 | INFO | scraper | Scrape finished with 1 records in rent mode for target 'Hampstead' page 4 from https://www.rightmove.co.uk/property-to-rent/find.html with params={'locationIdentifier': 'REGION^87509', 'propertyTypes': 'flat,terraced', 'mustHave': 'parking,garden', 'index': '72'}
2026-04-06 14:35:37,545 | INFO | scraper | Scrape finished with 1 records in rent mode for target 'Hampstead' page 5 from https://www.rightmove.co.uk/property-to-rent/find.html with params={'locationIdentifier': 'REGION^87509', 'propertyTypes': 'flat,terraced', 'mustHave': 'parking,garden', 'index': '96'}
2026-04-06 14:35:38,218 | INFO | scraper | Scrape finished with 24 records in rent mode for target 'Romford' page 1 from https://www.rightmove.co.uk/property-to-rent/find.html with params={'locationIdentifier': 'REGION^1138', 'propertyTypes': 'flat,terraced', 'mustHave': 'parking,garden', 'index': '0'}
2026-04-06 14:35:38,911 | INFO | scraper | Scrape finished with 25 records in rent mode for target 'Romford' page 2 from https://www.rightmove.co.uk/property-to-rent/find.html with params={'locationIdentifier': 'REGION^1138', 'propertyTypes': 'flat,terraced', 'mustHave': 'parking,garden', 'index': '24'}
2026-04-06 14:35:39,500 | INFO | scraper | Scrape finished with 5 records in rent mode for target 'Romford' page 3 from https://www.rightmove.co.uk/property-to-rent/find.html with params={'locationIdentifier': 'REGION^1138', 'propertyTypes': 'flat,terraced', 'mustHave': 'parking,garden', 'index': '48'}
2026-04-06 14:35:39,996 | INFO | scraper | Scrape finished with 0 records in rent mode for target 'Romford' page 4 from https://www.rightmove.co.uk/property-to-rent/find.html with params={'locationIdentifier': 'REGION^1138', 'propertyTypes': 'flat,terraced', 'mustHave': 'parking,garden', 'index': '72'}
2026-04-06 14:35:40,508 | INFO | scraper | Scrape finished with 0 records in rent mode for target 'Romford' page 5 from https://www.rightmove.co.uk/property-to-rent/find.html with params={'locationIdentifier': 'REGION^1138', 'propertyTypes': 'flat,terraced', 'mustHave': 'parking,garden', 'index': '96'}
2026-04-06 14:35:41,479 | INFO | scraper | Scrape finished with 24 records in rent mode for target 'Walthamstow' page 1 from https://www.rightmove.co.uk/property-to-rent/find.html with params={'locationIdentifier': 'REGION^85310', 'propertyTypes': 'flat,terraced', 'mustHave': 'parking,garden', 'index': '0'}
2026-04-06 14:35:42,120 | INFO | scraper | Scrape finished with 19 records in rent mode for target 'Walthamstow' page 2 from https://www.rightmove.co.uk/property-to-rent/find.html with params={'locationIdentifier': 'REGION^85310', 'propertyTypes': 'flat,terraced', 'mustHave': 'parking,garden', 'index': '24'}
2026-04-06 14:35:42,670 | INFO | scraper | Scrape finished with 1 records in rent mode for target 'Walthamstow' page 3 from https://www.rightmove.co.uk/property-to-rent/find.html with params={'locationIdentifier': 'REGION^85310', 'propertyTypes': 'flat,terraced', 'mustHave': 'parking,garden', 'index': '48'}
2026-04-06 14:35:43,289 | INFO | scraper | Scrape finished with 1 records in rent mode for target 'Walthamstow' page 4 from https://www.rightmove.co.uk/property-to-rent/find.html with params={'locationIdentifier': 'REGION^85310', 'propertyTypes': 'flat,terraced', 'mustHave': 'parking,garden', 'index': '72'}
2026-04-06 14:35:43,793 | INFO | scraper | Scrape finished with 1 records in rent mode for target 'Walthamstow' page 5 from https://www.rightmove.co.uk/property-to-rent/find.html with params={'locationIdentifier': 'REGION^85310', 'propertyTypes': 'flat,terraced', 'mustHave': 'parking,garden', 'index': '96'}
2026-04-06 14:35:44,128 | INFO | scraper | Inserted 700 new rent rows into D:\Housing Int\real_estate_scraper\database\raw_data.db and skipped 0 duplicates
2026-04-06 14:35:44,987 | INFO | scraper | Scrape finished with 25 records in buy mode for target 'London' page 1 from https://www.rightmove.co.uk/property-for-sale/find.html with params={'locationIdentifier': 'REGION^87490', 'propertyTypes': 'flat,terraced', 'mustHave': 'parking,garden', 'index': '0'}
2026-04-06 14:35:46,045 | INFO | scraper | Scrape finished with 25 records in buy mode for target 'London' page 2 from https://www.rightmove.co.uk/property-for-sale/find.html with params={'locationIdentifier': 'REGION^87490', 'propertyTypes': 'flat,terraced', 'mustHave': 'parking,garden', 'index': '24'}
2026-04-06 14:35:46,883 | INFO | scraper | Scrape finished with 25 records in buy mode for target 'London' page 3 from https://www.rightmove.co.uk/property-for-sale/find.html with params={'locationIdentifier': 'REGION^87490', 'propertyTypes': 'flat,terraced', 'mustHave': 'parking,garden', 'index': '48'}
2026-04-06 14:35:47,671 | INFO | scraper | Scrape finished with 25 records in buy mode for target 'London' page 4 from https://www.rightmove.co.uk/property-for-sale/find.html with params={'locationIdentifier': 'REGION^87490', 'propertyTypes': 'flat,terraced', 'mustHave': 'parking,garden', 'index': '72'}
2026-04-06 14:35:48,705 | INFO | scraper | Scrape finished with 25 records in buy mode for target 'London' page 5 from https://www.rightmove.co.uk/property-for-sale/find.html with params={'locationIdentifier': 'REGION^87490', 'propertyTypes': 'flat,terraced', 'mustHave': 'parking,garden', 'index': '96'}
2026-04-06 14:35:49,525 | INFO | scraper | Scrape finished with 25 records in buy mode for target 'Central London' page 1 from https://www.rightmove.co.uk/property-for-sale/find.html with params={'locationIdentifier': 'REGION^92824', 'propertyTypes': 'flat,terraced', 'mustHave': 'parking,garden', 'index': '0'}
2026-04-06 14:35:50,233 | INFO | scraper | Scrape finished with 25 records in buy mode for target 'Central London' page 2 from https://www.rightmove.co.uk/property-for-sale/find.html with params={'locationIdentifier': 'REGION^92824', 'propertyTypes': 'flat,terraced', 'mustHave': 'parking,garden', 'index': '24'}
2026-04-06 14:35:50,934 | INFO | scraper | Scrape finished with 25 records in buy mode for target 'Central London' page 3 from https://www.rightmove.co.uk/property-for-sale/find.html with params={'locationIdentifier': 'REGION^92824', 'propertyTypes': 'flat,terraced', 'mustHave': 'parking,garden', 'index': '48'}
2026-04-06 14:35:51,645 | INFO | scraper | Scrape finished with 25 records in buy mode for target 'Central London' page 4 from https://www.rightmove.co.uk/property-for-sale/find.html with params={'locationIdentifier': 'REGION^92824', 'propertyTypes': 'flat,terraced', 'mustHave': 'parking,garden', 'index': '72'}
2026-04-06 14:35:52,615 | INFO | scraper | Scrape finished with 25 records in buy mode for target 'Central London' page 5 from https://www.rightmove.co.uk/property-for-sale/find.html with params={'locationIdentifier': 'REGION^92824', 'propertyTypes': 'flat,terraced', 'mustHave': 'parking,garden', 'index': '96'}
2026-04-06 14:35:53,419 | INFO | scraper | Scrape finished with 25 records in buy mode for target 'Wimbledon' page 1 from https://www.rightmove.co.uk/property-for-sale/find.html with params={'locationIdentifier': 'REGION^87540', 'propertyTypes': 'flat,terraced', 'mustHave': 'parking,garden', 'index': '0'}
2026-04-06 14:35:54,158 | INFO | scraper | Scrape finished with 25 records in buy mode for target 'Wimbledon' page 2 from https://www.rightmove.co.uk/property-for-sale/find.html with params={'locationIdentifier': 'REGION^87540', 'propertyTypes': 'flat,terraced', 'mustHave': 'parking,garden', 'index': '24'}
2026-04-06 14:35:54,947 | INFO | scraper | Scrape finished with 25 records in buy mode for target 'Wimbledon' page 3 from https://www.rightmove.co.uk/property-for-sale/find.html with params={'locationIdentifier': 'REGION^87540', 'propertyTypes': 'flat,terraced', 'mustHave': 'parking,garden', 'index': '48'}
2026-04-06 14:35:55,793 | INFO | scraper | Scrape finished with 25 records in buy mode for target 'Wimbledon' page 4 from https://www.rightmove.co.uk/property-for-sale/find.html with params={'locationIdentifier': 'REGION^87540', 'propertyTypes': 'flat,terraced', 'mustHave': 'parking,garden', 'index': '72'}
2026-04-06 14:35:56,572 | INFO | scraper | Scrape finished with 24 records in buy mode for target 'Wimbledon' page 5 from https://www.rightmove.co.uk/property-for-sale/find.html with params={'locationIdentifier': 'REGION^87540', 'propertyTypes': 'flat,terraced', 'mustHave': 'parking,garden', 'index': '96'}
2026-04-06 14:35:57,441 | INFO | scraper | Scrape finished with 25 records in buy mode for target 'North London' page 1 from https://www.rightmove.co.uk/property-for-sale/find.html with params={'locationIdentifier': 'REGION^92826', 'propertyTypes': 'flat,terraced', 'mustHave': 'parking,garden', 'index': '0'}
2026-04-06 14:35:58,337 | INFO | scraper | Scrape finished with 25 records in buy mode for target 'North London' page 2 from https://www.rightmove.co.uk/property-for-sale/find.html with params={'locationIdentifier': 'REGION^92826', 'propertyTypes': 'flat,terraced', 'mustHave': 'parking,garden', 'index': '24'}
2026-04-06 14:35:59,142 | INFO | scraper | Scrape finished with 25 records in buy mode for target 'North London' page 3 from https://www.rightmove.co.uk/property-for-sale/find.html with params={'locationIdentifier': 'REGION^92826', 'propertyTypes': 'flat,terraced', 'mustHave': 'parking,garden', 'index': '48'}
2026-04-06 14:35:59,855 | INFO | scraper | Scrape finished with 25 records in buy mode for target 'North London' page 4 from https://www.rightmove.co.uk/property-for-sale/find.html with params={'locationIdentifier': 'REGION^92826', 'propertyTypes': 'flat,terraced', 'mustHave': 'parking,garden', 'index': '72'}
2026-04-06 14:36:00,606 | INFO | scraper | Scrape finished with 25 records in buy mode for target 'North London' page 5 from https://www.rightmove.co.uk/property-for-sale/find.html with params={'locationIdentifier': 'REGION^92826', 'propertyTypes': 'flat,terraced', 'mustHave': 'parking,garden', 'index': '96'}
2026-04-06 14:36:01,391 | INFO | scraper | Scrape finished with 25 records in buy mode for target 'South London' page 1 from https://www.rightmove.co.uk/property-for-sale/find.html with params={'locationIdentifier': 'REGION^92051', 'propertyTypes': 'flat,terraced', 'mustHave': 'parking,garden', 'index': '0'}
2026-04-06 14:36:02,222 | INFO | scraper | Scrape finished with 25 records in buy mode for target 'South London' page 2 from https://www.rightmove.co.uk/property-for-sale/find.html with params={'locationIdentifier': 'REGION^92051', 'propertyTypes': 'flat,terraced', 'mustHave': 'parking,garden', 'index': '24'}
2026-04-06 14:36:03,275 | INFO | scraper | Scrape finished with 25 records in buy mode for target 'South London' page 3 from https://www.rightmove.co.uk/property-for-sale/find.html with params={'locationIdentifier': 'REGION^92051', 'propertyTypes': 'flat,terraced', 'mustHave': 'parking,garden', 'index': '48'}
2026-04-06 14:36:04,364 | INFO | scraper | Scrape finished with 25 records in buy mode for target 'South London' page 4 from https://www.rightmove.co.uk/property-for-sale/find.html with params={'locationIdentifier': 'REGION^92051', 'propertyTypes': 'flat,terraced', 'mustHave': 'parking,garden', 'index': '72'}
2026-04-06 14:36:05,296 | INFO | scraper | Scrape finished with 25 records in buy mode for target 'South London' page 5 from https://www.rightmove.co.uk/property-for-sale/find.html with params={'locationIdentifier': 'REGION^92051', 'propertyTypes': 'flat,terraced', 'mustHave': 'parking,garden', 'index': '96'}
2026-04-06 14:36:05,989 | INFO | scraper | Scrape finished with 25 records in buy mode for target 'Bromley' page 1 from https://www.rightmove.co.uk/property-for-sale/find.html with params={'locationIdentifier': 'REGION^225', 'propertyTypes': 'flat,terraced', 'mustHave': 'parking,garden', 'index': '0'}
2026-04-06 14:36:07,363 | INFO | scraper | Scrape finished with 25 records in buy mode for target 'Bromley' page 2 from https://www.rightmove.co.uk/property-for-sale/find.html with params={'locationIdentifier': 'REGION^225', 'propertyTypes': 'flat,terraced', 'mustHave': 'parking,garden', 'index': '24'}
2026-04-06 14:36:08,252 | INFO | scraper | Scrape finished with 25 records in buy mode for target 'Bromley' page 3 from https://www.rightmove.co.uk/property-for-sale/find.html with params={'locationIdentifier': 'REGION^225', 'propertyTypes': 'flat,terraced', 'mustHave': 'parking,garden', 'index': '48'}
2026-04-06 14:36:08,967 | INFO | scraper | Scrape finished with 25 records in buy mode for target 'Bromley' page 4 from https://www.rightmove.co.uk/property-for-sale/find.html with params={'locationIdentifier': 'REGION^225', 'propertyTypes': 'flat,terraced', 'mustHave': 'parking,garden', 'index': '72'}
2026-04-06 14:36:09,869 | INFO | scraper | Scrape finished with 25 records in buy mode for target 'Bromley' page 5 from https://www.rightmove.co.uk/property-for-sale/find.html with params={'locationIdentifier': 'REGION^225', 'propertyTypes': 'flat,terraced', 'mustHave': 'parking,garden', 'index': '96'}
2026-04-06 14:36:10,603 | INFO | scraper | Scrape finished with 25 records in buy mode for target 'Beckenham' page 1 from https://www.rightmove.co.uk/property-for-sale/find.html with params={'locationIdentifier': 'REGION^126', 'propertyTypes': 'flat,terraced', 'mustHave': 'parking,garden', 'index': '0'}
2026-04-06 14:36:11,372 | INFO | scraper | Scrape finished with 25 records in buy mode for target 'Beckenham' page 2 from https://www.rightmove.co.uk/property-for-sale/find.html with params={'locationIdentifier': 'REGION^126', 'propertyTypes': 'flat,terraced', 'mustHave': 'parking,garden', 'index': '24'}
2026-04-06 14:36:12,045 | INFO | scraper | Scrape finished with 25 records in buy mode for target 'Beckenham' page 3 from https://www.rightmove.co.uk/property-for-sale/find.html with params={'locationIdentifier': 'REGION^126', 'propertyTypes': 'flat,terraced', 'mustHave': 'parking,garden', 'index': '48'}
2026-04-06 14:36:12,766 | INFO | scraper | Scrape finished with 25 records in buy mode for target 'Beckenham' page 4 from https://www.rightmove.co.uk/property-for-sale/find.html with params={'locationIdentifier': 'REGION^126', 'propertyTypes': 'flat,terraced', 'mustHave': 'parking,garden', 'index': '72'}
2026-04-06 14:36:13,466 | INFO | scraper | Scrape finished with 20 records in buy mode for target 'Beckenham' page 5 from https://www.rightmove.co.uk/property-for-sale/find.html with params={'locationIdentifier': 'REGION^126', 'propertyTypes': 'flat,terraced', 'mustHave': 'parking,garden', 'index': '96'}
2026-04-06 14:36:14,219 | INFO | scraper | Scrape finished with 24 records in buy mode for target 'Hampstead' page 1 from https://www.rightmove.co.uk/property-for-sale/find.html with params={'locationIdentifier': 'REGION^87509', 'propertyTypes': 'flat,terraced', 'mustHave': 'parking,garden', 'index': '0'}
2026-04-06 14:36:14,924 | INFO | scraper | Scrape finished with 25 records in buy mode for target 'Hampstead' page 2 from https://www.rightmove.co.uk/property-for-sale/find.html with params={'locationIdentifier': 'REGION^87509', 'propertyTypes': 'flat,terraced', 'mustHave': 'parking,garden', 'index': '24'}
2026-04-06 14:36:15,733 | INFO | scraper | Scrape finished with 25 records in buy mode for target 'Hampstead' page 3 from https://www.rightmove.co.uk/property-for-sale/find.html with params={'locationIdentifier': 'REGION^87509', 'propertyTypes': 'flat,terraced', 'mustHave': 'parking,garden', 'index': '48'}
2026-04-06 14:36:16,454 | INFO | scraper | Scrape finished with 25 records in buy mode for target 'Hampstead' page 4 from https://www.rightmove.co.uk/property-for-sale/find.html with params={'locationIdentifier': 'REGION^87509', 'propertyTypes': 'flat,terraced', 'mustHave': 'parking,garden', 'index': '72'}
2026-04-06 14:36:17,287 | INFO | scraper | Scrape finished with 25 records in buy mode for target 'Hampstead' page 5 from https://www.rightmove.co.uk/property-for-sale/find.html with params={'locationIdentifier': 'REGION^87509', 'propertyTypes': 'flat,terraced', 'mustHave': 'parking,garden', 'index': '96'}
2026-04-06 14:36:19,018 | INFO | scraper | Scrape finished with 25 records in buy mode for target 'Romford' page 1 from https://www.rightmove.co.uk/property-for-sale/find.html with params={'locationIdentifier': 'REGION^1138', 'propertyTypes': 'flat,terraced', 'mustHave': 'parking,garden', 'index': '0'}
2026-04-06 14:36:19,823 | INFO | scraper | Scrape finished with 25 records in buy mode for target 'Romford' page 2 from https://www.rightmove.co.uk/property-for-sale/find.html with params={'locationIdentifier': 'REGION^1138', 'propertyTypes': 'flat,terraced', 'mustHave': 'parking,garden', 'index': '24'}
2026-04-06 14:36:20,665 | INFO | scraper | Scrape finished with 24 records in buy mode for target 'Romford' page 3 from https://www.rightmove.co.uk/property-for-sale/find.html with params={'locationIdentifier': 'REGION^1138', 'propertyTypes': 'flat,terraced', 'mustHave': 'parking,garden', 'index': '48'}
2026-04-06 14:36:21,810 | INFO | scraper | Scrape finished with 25 records in buy mode for target 'Romford' page 4 from https://www.rightmove.co.uk/property-for-sale/find.html with params={'locationIdentifier': 'REGION^1138', 'propertyTypes': 'flat,terraced', 'mustHave': 'parking,garden', 'index': '72'}
2026-04-06 14:36:22,850 | INFO | scraper | Scrape finished with 24 records in buy mode for target 'Romford' page 5 from https://www.rightmove.co.uk/property-for-sale/find.html with params={'locationIdentifier': 'REGION^1138', 'propertyTypes': 'flat,terraced', 'mustHave': 'parking,garden', 'index': '96'}
2026-04-06 14:36:23,609 | INFO | scraper | Scrape finished with 25 records in buy mode for target 'Walthamstow' page 1 from https://www.rightmove.co.uk/property-for-sale/find.html with params={'locationIdentifier': 'REGION^85310', 'propertyTypes': 'flat,terraced', 'mustHave': 'parking,garden', 'index': '0'}
2026-04-06 14:36:24,372 | INFO | scraper | Scrape finished with 25 records in buy mode for target 'Walthamstow' page 2 from https://www.rightmove.co.uk/property-for-sale/find.html with params={'locationIdentifier': 'REGION^85310', 'propertyTypes': 'flat,terraced', 'mustHave': 'parking,garden', 'index': '24'}
2026-04-06 14:36:25,570 | INFO | scraper | Scrape finished with 25 records in buy mode for target 'Walthamstow' page 3 from https://www.rightmove.co.uk/property-for-sale/find.html with params={'locationIdentifier': 'REGION^85310', 'propertyTypes': 'flat,terraced', 'mustHave': 'parking,garden', 'index': '48'}
2026-04-06 14:36:26,271 | INFO | scraper | Scrape finished with 25 records in buy mode for target 'Walthamstow' page 4 from https://www.rightmove.co.uk/property-for-sale/find.html with params={'locationIdentifier': 'REGION^85310', 'propertyTypes': 'flat,terraced', 'mustHave': 'parking,garden', 'index': '72'}
2026-04-06 14:36:27,123 | INFO | scraper | Scrape finished with 25 records in buy mode for target 'Walthamstow' page 5 from https://www.rightmove.co.uk/property-for-sale/find.html with params={'locationIdentifier': 'REGION^85310', 'propertyTypes': 'flat,terraced', 'mustHave': 'parking,garden', 'index': '96'}
2026-04-06 14:36:27,220 | INFO | scraper | Inserted 1096 new buy rows into D:\Housing Int\real_estate_scraper\database\raw_data.db and skipped 0 duplicates
2026-04-08 20:59:32,332 | INFO | scraper | Scrape finished with 25 records in rent mode for target 'London' page 1 from https://www.rightmove.co.uk/property-to-rent/find.html with params={'locationIdentifier': 'REGION^87490', 'propertyTypes': 'flat,terraced', 'mustHave': 'parking,garden', 'index': '0'}
2026-04-08 20:59:33,384 | INFO | scraper | Scrape finished with 27 records in rent mode for target 'London' page 2 from https://www.rightmove.co.uk/property-to-rent/find.html with params={'locationIdentifier': 'REGION^87490', 'propertyTypes': 'flat,terraced', 'mustHave': 'parking,garden', 'index': '24'}
2026-04-08 20:59:34,658 | INFO | scraper | Scrape finished with 30 records in rent mode for target 'London' page 3 from https://www.rightmove.co.uk/property-to-rent/find.html with params={'locationIdentifier': 'REGION^87490', 'propertyTypes': 'flat,terraced', 'mustHave': 'parking,garden', 'index': '48'}
2026-04-08 20:59:35,639 | INFO | scraper | Scrape finished with 25 records in rent mode for target 'London' page 4 from https://www.rightmove.co.uk/property-to-rent/find.html with params={'locationIdentifier': 'REGION^87490', 'propertyTypes': 'flat,terraced', 'mustHave': 'parking,garden', 'index': '72'}
2026-04-08 20:59:36,454 | INFO | scraper | Scrape finished with 25 records in rent mode for target 'London' page 5 from https://www.rightmove.co.uk/property-to-rent/find.html with params={'locationIdentifier': 'REGION^87490', 'propertyTypes': 'flat,terraced', 'mustHave': 'parking,garden', 'index': '96'}
2026-04-08 20:59:37,132 | INFO | scraper | Scrape finished with 25 records in rent mode for target 'Central London' page 1 from https://www.rightmove.co.uk/property-to-rent/find.html with params={'locationIdentifier': 'REGION^92824', 'propertyTypes': 'flat,terraced', 'mustHave': 'parking,garden', 'index': '0'}
2026-04-08 20:59:37,895 | INFO | scraper | Scrape finished with 24 records in rent mode for target 'Central London' page 2 from https://www.rightmove.co.uk/property-to-rent/find.html with params={'locationIdentifier': 'REGION^92824', 'propertyTypes': 'flat,terraced', 'mustHave': 'parking,garden', 'index': '24'}
2026-04-08 20:59:38,676 | INFO | scraper | Scrape finished with 25 records in rent mode for target 'Central London' page 3 from https://www.rightmove.co.uk/property-to-rent/find.html with params={'locationIdentifier': 'REGION^92824', 'propertyTypes': 'flat,terraced', 'mustHave': 'parking,garden', 'index': '48'}
2026-04-08 20:59:39,489 | INFO | scraper | Scrape finished with 25 records in rent mode for target 'Central London' page 4 from https://www.rightmove.co.uk/property-to-rent/find.html with params={'locationIdentifier': 'REGION^92824', 'propertyTypes': 'flat,terraced', 'mustHave': 'parking,garden', 'index': '72'}
2026-04-08 20:59:40,305 | INFO | scraper | Scrape finished with 25 records in rent mode for target 'Central London' page 5 from https://www.rightmove.co.uk/property-to-rent/find.html with params={'locationIdentifier': 'REGION^92824', 'propertyTypes': 'flat,terraced', 'mustHave': 'parking,garden', 'index': '96'}
2026-04-08 20:59:41,171 | INFO | scraper | Scrape finished with 24 records in rent mode for target 'Wimbledon' page 1 from https://www.rightmove.co.uk/property-to-rent/find.html with params={'locationIdentifier': 'REGION^87540', 'propertyTypes': 'flat,terraced', 'mustHave': 'parking,garden', 'index': '0'}
2026-04-08 20:59:41,953 | INFO | scraper | Scrape finished with 24 records in rent mode for target 'Wimbledon' page 2 from https://www.rightmove.co.uk/property-to-rent/find.html with params={'locationIdentifier': 'REGION^87540', 'propertyTypes': 'flat,terraced', 'mustHave': 'parking,garden', 'index': '24'}
2026-04-08 20:59:42,654 | INFO | scraper | Scrape finished with 25 records in rent mode for target 'Wimbledon' page 3 from https://www.rightmove.co.uk/property-to-rent/find.html with params={'locationIdentifier': 'REGION^87540', 'propertyTypes': 'flat,terraced', 'mustHave': 'parking,garden', 'index': '48'}
2026-04-08 20:59:43,230 | INFO | scraper | Scrape finished with 9 records in rent mode for target 'Wimbledon' page 4 from https://www.rightmove.co.uk/property-to-rent/find.html with params={'locationIdentifier': 'REGION^87540', 'propertyTypes': 'flat,terraced', 'mustHave': 'parking,garden', 'index': '72'}
2026-04-08 20:59:43,704 | INFO | scraper | Scrape finished with 0 records in rent mode for target 'Wimbledon' page 5 from https://www.rightmove.co.uk/property-to-rent/find.html with params={'locationIdentifier': 'REGION^87540', 'propertyTypes': 'flat,terraced', 'mustHave': 'parking,garden', 'index': '96'}
2026-04-08 20:59:44,635 | INFO | scraper | Scrape finished with 28 records in rent mode for target 'North London' page 1 from https://www.rightmove.co.uk/property-to-rent/find.html with params={'locationIdentifier': 'REGION^92826', 'propertyTypes': 'flat,terraced', 'mustHave': 'parking,garden', 'index': '0'}
2026-04-08 20:59:45,511 | INFO | scraper | Scrape finished with 26 records in rent mode for target 'North London' page 2 from https://www.rightmove.co.uk/property-to-rent/find.html with params={'locationIdentifier': 'REGION^92826', 'propertyTypes': 'flat,terraced', 'mustHave': 'parking,garden', 'index': '24'}
2026-04-08 20:59:46,487 | INFO | scraper | Scrape finished with 28 records in rent mode for target 'North London' page 3 from https://www.rightmove.co.uk/property-to-rent/find.html with params={'locationIdentifier': 'REGION^92826', 'propertyTypes': 'flat,terraced', 'mustHave': 'parking,garden', 'index': '48'}
2026-04-08 20:59:47,576 | INFO | scraper | Scrape finished with 30 records in rent mode for target 'North London' page 4 from https://www.rightmove.co.uk/property-to-rent/find.html with params={'locationIdentifier': 'REGION^92826', 'propertyTypes': 'flat,terraced', 'mustHave': 'parking,garden', 'index': '72'}
2026-04-08 20:59:48,572 | INFO | scraper | Scrape finished with 28 records in rent mode for target 'North London' page 5 from https://www.rightmove.co.uk/property-to-rent/find.html with params={'locationIdentifier': 'REGION^92826', 'propertyTypes': 'flat,terraced', 'mustHave': 'parking,garden', 'index': '96'}
2026-04-08 20:59:49,544 | INFO | scraper | Scrape finished with 27 records in rent mode for target 'South London' page 1 from https://www.rightmove.co.uk/property-to-rent/find.html with params={'locationIdentifier': 'REGION^92051', 'propertyTypes': 'flat,terraced', 'mustHave': 'parking,garden', 'index': '0'}
2026-04-08 20:59:50,341 | INFO | scraper | Scrape finished with 26 records in rent mode for target 'South London' page 2 from https://www.rightmove.co.uk/property-to-rent/find.html with params={'locationIdentifier': 'REGION^92051', 'propertyTypes': 'flat,terraced', 'mustHave': 'parking,garden', 'index': '24'}
2026-04-08 20:59:51,812 | INFO | scraper | Scrape finished with 25 records in rent mode for target 'South London' page 3 from https://www.rightmove.co.uk/property-to-rent/find.html with params={'locationIdentifier': 'REGION^92051', 'propertyTypes': 'flat,terraced', 'mustHave': 'parking,garden', 'index': '48'}
2026-04-08 20:59:52,499 | INFO | scraper | Scrape finished with 25 records in rent mode for target 'South London' page 4 from https://www.rightmove.co.uk/property-to-rent/find.html with params={'locationIdentifier': 'REGION^92051', 'propertyTypes': 'flat,terraced', 'mustHave': 'parking,garden', 'index': '72'}
2026-04-08 20:59:53,280 | INFO | scraper | Scrape finished with 25 records in rent mode for target 'South London' page 5 from https://www.rightmove.co.uk/property-to-rent/find.html with params={'locationIdentifier': 'REGION^92051', 'propertyTypes': 'flat,terraced', 'mustHave': 'parking,garden', 'index': '96'}
2026-04-08 20:59:53,922 | INFO | scraper | Scrape finished with 24 records in rent mode for target 'Bromley' page 1 from https://www.rightmove.co.uk/property-to-rent/find.html with params={'locationIdentifier': 'REGION^225', 'propertyTypes': 'flat,terraced', 'mustHave': 'parking,garden', 'index': '0'}
2026-04-08 20:59:54,483 | INFO | scraper | Scrape finished with 5 records in rent mode for target 'Bromley' page 2 from https://www.rightmove.co.uk/property-to-rent/find.html with params={'locationIdentifier': 'REGION^225', 'propertyTypes': 'flat,terraced', 'mustHave': 'parking,garden', 'index': '24'}
2026-04-08 20:59:54,977 | INFO | scraper | Scrape finished with 0 records in rent mode for target 'Bromley' page 3 from https://www.rightmove.co.uk/property-to-rent/find.html with params={'locationIdentifier': 'REGION^225', 'propertyTypes': 'flat,terraced', 'mustHave': 'parking,garden', 'index': '48'}
2026-04-08 20:59:55,491 | INFO | scraper | Scrape finished with 0 records in rent mode for target 'Bromley' page 4 from https://www.rightmove.co.uk/property-to-rent/find.html with params={'locationIdentifier': 'REGION^225', 'propertyTypes': 'flat,terraced', 'mustHave': 'parking,garden', 'index': '72'}
2026-04-08 20:59:56,011 | INFO | scraper | Scrape finished with 0 records in rent mode for target 'Bromley' page 5 from https://www.rightmove.co.uk/property-to-rent/find.html with params={'locationIdentifier': 'REGION^225', 'propertyTypes': 'flat,terraced', 'mustHave': 'parking,garden', 'index': '96'}
2026-04-08 20:59:56,705 | INFO | scraper | Scrape finished with 24 records in rent mode for target 'Beckenham' page 1 from https://www.rightmove.co.uk/property-to-rent/find.html with params={'locationIdentifier': 'REGION^126', 'propertyTypes': 'flat,terraced', 'mustHave': 'parking,garden', 'index': '0'}
2026-04-08 20:59:57,343 | INFO | scraper | Scrape finished with 2 records in rent mode for target 'Beckenham' page 2 from https://www.rightmove.co.uk/property-to-rent/find.html with params={'locationIdentifier': 'REGION^126', 'propertyTypes': 'flat,terraced', 'mustHave': 'parking,garden', 'index': '24'}
2026-04-08 20:59:57,848 | INFO | scraper | Scrape finished with 0 records in rent mode for target 'Beckenham' page 3 from https://www.rightmove.co.uk/property-to-rent/find.html with params={'locationIdentifier': 'REGION^126', 'propertyTypes': 'flat,terraced', 'mustHave': 'parking,garden', 'index': '48'}
2026-04-08 20:59:58,458 | INFO | scraper | Scrape finished with 0 records in rent mode for target 'Beckenham' page 4 from https://www.rightmove.co.uk/property-to-rent/find.html with params={'locationIdentifier': 'REGION^126', 'propertyTypes': 'flat,terraced', 'mustHave': 'parking,garden', 'index': '72'}
2026-04-08 20:59:58,972 | INFO | scraper | Scrape finished with 0 records in rent mode for target 'Beckenham' page 5 from https://www.rightmove.co.uk/property-to-rent/find.html with params={'locationIdentifier': 'REGION^126', 'propertyTypes': 'flat,terraced', 'mustHave': 'parking,garden', 'index': '96'}
2026-04-08 20:59:59,680 | INFO | scraper | Scrape finished with 25 records in rent mode for target 'Hampstead' page 1 from https://www.rightmove.co.uk/property-to-rent/find.html with params={'locationIdentifier': 'REGION^87509', 'propertyTypes': 'flat,terraced', 'mustHave': 'parking,garden', 'index': '0'}
2026-04-08 21:00:00,475 | INFO | scraper | Scrape finished with 25 records in rent mode for target 'Hampstead' page 2 from https://www.rightmove.co.uk/property-to-rent/find.html with params={'locationIdentifier': 'REGION^87509', 'propertyTypes': 'flat,terraced', 'mustHave': 'parking,garden', 'index': '24'}
2026-04-08 21:00:01,115 | INFO | scraper | Scrape finished with 5 records in rent mode for target 'Hampstead' page 3 from https://www.rightmove.co.uk/property-to-rent/find.html with params={'locationIdentifier': 'REGION^87509', 'propertyTypes': 'flat,terraced', 'mustHave': 'parking,garden', 'index': '48'}
2026-04-08 21:00:01,639 | INFO | scraper | Scrape finished with 0 records in rent mode for target 'Hampstead' page 4 from https://www.rightmove.co.uk/property-to-rent/find.html with params={'locationIdentifier': 'REGION^87509', 'propertyTypes': 'flat,terraced', 'mustHave': 'parking,garden', 'index': '72'}
2026-04-08 21:00:02,131 | INFO | scraper | Scrape finished with 0 records in rent mode for target 'Hampstead' page 5 from https://www.rightmove.co.uk/property-to-rent/find.html with params={'locationIdentifier': 'REGION^87509', 'propertyTypes': 'flat,terraced', 'mustHave': 'parking,garden', 'index': '96'}
2026-04-08 21:00:02,829 | INFO | scraper | Scrape finished with 25 records in rent mode for target 'Romford' page 1 from https://www.rightmove.co.uk/property-to-rent/find.html with params={'locationIdentifier': 'REGION^1138', 'propertyTypes': 'flat,terraced', 'mustHave': 'parking,garden', 'index': '0'}
2026-04-08 21:00:03,665 | INFO | scraper | Scrape finished with 23 records in rent mode for target 'Romford' page 2 from https://www.rightmove.co.uk/property-to-rent/find.html with params={'locationIdentifier': 'REGION^1138', 'propertyTypes': 'flat,terraced', 'mustHave': 'parking,garden', 'index': '24'}
2026-04-08 21:00:04,201 | INFO | scraper | Scrape finished with 1 records in rent mode for target 'Romford' page 3 from https://www.rightmove.co.uk/property-to-rent/find.html with params={'locationIdentifier': 'REGION^1138', 'propertyTypes': 'flat,terraced', 'mustHave': 'parking,garden', 'index': '48'}
2026-04-08 21:00:04,817 | INFO | scraper | Scrape finished with 0 records in rent mode for target 'Romford' page 4 from https://www.rightmove.co.uk/property-to-rent/find.html with params={'locationIdentifier': 'REGION^1138', 'propertyTypes': 'flat,terraced', 'mustHave': 'parking,garden', 'index': '72'}
2026-04-08 21:00:05,418 | INFO | scraper | Scrape finished with 0 records in rent mode for target 'Romford' page 5 from https://www.rightmove.co.uk/property-to-rent/find.html with params={'locationIdentifier': 'REGION^1138', 'propertyTypes': 'flat,terraced', 'mustHave': 'parking,garden', 'index': '96'}
2026-04-08 21:00:06,364 | INFO | scraper | Scrape finished with 25 records in rent mode for target 'Walthamstow' page 1 from https://www.rightmove.co.uk/property-to-rent/find.html with params={'locationIdentifier': 'REGION^85310', 'propertyTypes': 'flat,terraced', 'mustHave': 'parking,garden', 'index': '0'}
2026-04-08 21:00:07,488 | INFO | scraper | Scrape finished with 27 records in rent mode for target 'Walthamstow' page 2 from https://www.rightmove.co.uk/property-to-rent/find.html with params={'locationIdentifier': 'REGION^85310', 'propertyTypes': 'flat,terraced', 'mustHave': 'parking,garden', 'index': '24'}
2026-04-08 21:00:08,114 | INFO | scraper | Scrape finished with 3 records in rent mode for target 'Walthamstow' page 3 from https://www.rightmove.co.uk/property-to-rent/find.html with params={'locationIdentifier': 'REGION^85310', 'propertyTypes': 'flat,terraced', 'mustHave': 'parking,garden', 'index': '48'}
2026-04-08 21:00:08,591 | INFO | scraper | Scrape finished with 1 records in rent mode for target 'Walthamstow' page 4 from https://www.rightmove.co.uk/property-to-rent/find.html with params={'locationIdentifier': 'REGION^85310', 'propertyTypes': 'flat,terraced', 'mustHave': 'parking,garden', 'index': '72'}
2026-04-08 21:00:09,151 | INFO | scraper | Scrape finished with 1 records in rent mode for target 'Walthamstow' page 5 from https://www.rightmove.co.uk/property-to-rent/find.html with params={'locationIdentifier': 'REGION^85310', 'propertyTypes': 'flat,terraced', 'mustHave': 'parking,garden', 'index': '96'}
2026-04-08 21:00:09,376 | INFO | scraper | Inserted 328 new rent rows into D:\Housing Int\real_estate_scraper\database\raw_data.db and refreshed 352 existing rows
2026-04-08 21:00:10,162 | INFO | scraper | Scrape finished with 25 records in buy mode for target 'London' page 1 from https://www.rightmove.co.uk/property-for-sale/find.html with params={'locationIdentifier': 'REGION^87490', 'propertyTypes': 'flat,terraced', 'mustHave': 'parking,garden', 'index': '0'}
2026-04-08 21:00:10,925 | INFO | scraper | Scrape finished with 25 records in buy mode for target 'London' page 2 from https://www.rightmove.co.uk/property-for-sale/find.html with params={'locationIdentifier': 'REGION^87490', 'propertyTypes': 'flat,terraced', 'mustHave': 'parking,garden', 'index': '24'}
2026-04-08 21:00:11,641 | INFO | scraper | Scrape finished with 25 records in buy mode for target 'London' page 3 from https://www.rightmove.co.uk/property-for-sale/find.html with params={'locationIdentifier': 'REGION^87490', 'propertyTypes': 'flat,terraced', 'mustHave': 'parking,garden', 'index': '48'}
2026-04-08 21:00:12,467 | INFO | scraper | Scrape finished with 25 records in buy mode for target 'London' page 4 from https://www.rightmove.co.uk/property-for-sale/find.html with params={'locationIdentifier': 'REGION^87490', 'propertyTypes': 'flat,terraced', 'mustHave': 'parking,garden', 'index': '72'}
2026-04-08 21:00:13,500 | INFO | scraper | Scrape finished with 25 records in buy mode for target 'London' page 5 from https://www.rightmove.co.uk/property-for-sale/find.html with params={'locationIdentifier': 'REGION^87490', 'propertyTypes': 'flat,terraced', 'mustHave': 'parking,garden', 'index': '96'}
2026-04-08 21:00:14,202 | INFO | scraper | Scrape finished with 25 records in buy mode for target 'Central London' page 1 from https://www.rightmove.co.uk/property-for-sale/find.html with params={'locationIdentifier': 'REGION^92824', 'propertyTypes': 'flat,terraced', 'mustHave': 'parking,garden', 'index': '0'}
2026-04-08 21:00:14,929 | INFO | scraper | Scrape finished with 25 records in buy mode for target 'Central London' page 2 from https://www.rightmove.co.uk/property-for-sale/find.html with params={'locationIdentifier': 'REGION^92824', 'propertyTypes': 'flat,terraced', 'mustHave': 'parking,garden', 'index': '24'}
2026-04-08 21:00:15,738 | INFO | scraper | Scrape finished with 25 records in buy mode for target 'Central London' page 3 from https://www.rightmove.co.uk/property-for-sale/find.html with params={'locationIdentifier': 'REGION^92824', 'propertyTypes': 'flat,terraced', 'mustHave': 'parking,garden', 'index': '48'}
2026-04-08 21:00:16,592 | INFO | scraper | Scrape finished with 25 records in buy mode for target 'Central London' page 4 from https://www.rightmove.co.uk/property-for-sale/find.html with params={'locationIdentifier': 'REGION^92824', 'propertyTypes': 'flat,terraced', 'mustHave': 'parking,garden', 'index': '72'}
2026-04-08 21:00:17,600 | INFO | scraper | Scrape finished with 25 records in buy mode for target 'Central London' page 5 from https://www.rightmove.co.uk/property-for-sale/find.html with params={'locationIdentifier': 'REGION^92824', 'propertyTypes': 'flat,terraced', 'mustHave': 'parking,garden', 'index': '96'}
2026-04-08 21:00:19,011 | INFO | scraper | Scrape finished with 25 records in buy mode for target 'Wimbledon' page 1 from https://www.rightmove.co.uk/property-for-sale/find.html with params={'locationIdentifier': 'REGION^87540', 'propertyTypes': 'flat,terraced', 'mustHave': 'parking,garden', 'index': '0'}
2026-04-08 21:00:19,815 | INFO | scraper | Scrape finished with 25 records in buy mode for target 'Wimbledon' page 2 from https://www.rightmove.co.uk/property-for-sale/find.html with params={'locationIdentifier': 'REGION^87540', 'propertyTypes': 'flat,terraced', 'mustHave': 'parking,garden', 'index': '24'}
2026-04-08 21:00:20,462 | INFO | scraper | Scrape finished with 25 records in buy mode for target 'Wimbledon' page 3 from https://www.rightmove.co.uk/property-for-sale/find.html with params={'locationIdentifier': 'REGION^87540', 'propertyTypes': 'flat,terraced', 'mustHave': 'parking,garden', 'index': '48'}
2026-04-08 21:00:21,176 | INFO | scraper | Scrape finished with 25 records in buy mode for target 'Wimbledon' page 4 from https://www.rightmove.co.uk/property-for-sale/find.html with params={'locationIdentifier': 'REGION^87540', 'propertyTypes': 'flat,terraced', 'mustHave': 'parking,garden', 'index': '72'}
2026-04-08 21:00:22,268 | INFO | scraper | Scrape finished with 25 records in buy mode for target 'Wimbledon' page 5 from https://www.rightmove.co.uk/property-for-sale/find.html with params={'locationIdentifier': 'REGION^87540', 'propertyTypes': 'flat,terraced', 'mustHave': 'parking,garden', 'index': '96'}
2026-04-08 21:00:23,012 | INFO | scraper | Scrape finished with 25 records in buy mode for target 'North London' page 1 from https://www.rightmove.co.uk/property-for-sale/find.html with params={'locationIdentifier': 'REGION^92826', 'propertyTypes': 'flat,terraced', 'mustHave': 'parking,garden', 'index': '0'}
2026-04-08 21:00:23,837 | INFO | scraper | Scrape finished with 25 records in buy mode for target 'North London' page 2 from https://www.rightmove.co.uk/property-for-sale/find.html with params={'locationIdentifier': 'REGION^92826', 'propertyTypes': 'flat,terraced', 'mustHave': 'parking,garden', 'index': '24'}
2026-04-08 21:00:24,658 | INFO | scraper | Scrape finished with 25 records in buy mode for target 'North London' page 3 from https://www.rightmove.co.uk/property-for-sale/find.html with params={'locationIdentifier': 'REGION^92826', 'propertyTypes': 'flat,terraced', 'mustHave': 'parking,garden', 'index': '48'}
2026-04-08 21:00:25,370 | INFO | scraper | Scrape finished with 25 records in buy mode for target 'North London' page 4 from https://www.rightmove.co.uk/property-for-sale/find.html with params={'locationIdentifier': 'REGION^92826', 'propertyTypes': 'flat,terraced', 'mustHave': 'parking,garden', 'index': '72'}
2026-04-08 21:00:26,178 | INFO | scraper | Scrape finished with 25 records in buy mode for target 'North London' page 5 from https://www.rightmove.co.uk/property-for-sale/find.html with params={'locationIdentifier': 'REGION^92826', 'propertyTypes': 'flat,terraced', 'mustHave': 'parking,garden', 'index': '96'}
2026-04-08 21:00:26,897 | INFO | scraper | Scrape finished with 25 records in buy mode for target 'South London' page 1 from https://www.rightmove.co.uk/property-for-sale/find.html with params={'locationIdentifier': 'REGION^92051', 'propertyTypes': 'flat,terraced', 'mustHave': 'parking,garden', 'index': '0'}
2026-04-08 21:00:27,823 | INFO | scraper | Scrape finished with 25 records in buy mode for target 'South London' page 2 from https://www.rightmove.co.uk/property-for-sale/find.html with params={'locationIdentifier': 'REGION^92051', 'propertyTypes': 'flat,terraced', 'mustHave': 'parking,garden', 'index': '24'}
2026-04-08 21:00:28,873 | INFO | scraper | Scrape finished with 25 records in buy mode for target 'South London' page 3 from https://www.rightmove.co.uk/property-for-sale/find.html with params={'locationIdentifier': 'REGION^92051', 'propertyTypes': 'flat,terraced', 'mustHave': 'parking,garden', 'index': '48'}
2026-04-08 21:00:29,642 | INFO | scraper | Scrape finished with 25 records in buy mode for target 'South London' page 4 from https://www.rightmove.co.uk/property-for-sale/find.html with params={'locationIdentifier': 'REGION^92051', 'propertyTypes': 'flat,terraced', 'mustHave': 'parking,garden', 'index': '72'}
2026-04-08 21:00:30,384 | INFO | scraper | Scrape finished with 25 records in buy mode for target 'South London' page 5 from https://www.rightmove.co.uk/property-for-sale/find.html with params={'locationIdentifier': 'REGION^92051', 'propertyTypes': 'flat,terraced', 'mustHave': 'parking,garden', 'index': '96'}
2026-04-08 21:00:31,317 | INFO | scraper | Scrape finished with 25 records in buy mode for target 'Bromley' page 1 from https://www.rightmove.co.uk/property-for-sale/find.html with params={'locationIdentifier': 'REGION^225', 'propertyTypes': 'flat,terraced', 'mustHave': 'parking,garden', 'index': '0'}
2026-04-08 21:00:32,087 | INFO | scraper | Scrape finished with 25 records in buy mode for target 'Bromley' page 2 from https://www.rightmove.co.uk/property-for-sale/find.html with params={'locationIdentifier': 'REGION^225', 'propertyTypes': 'flat,terraced', 'mustHave': 'parking,garden', 'index': '24'}
2026-04-08 21:00:32,757 | INFO | scraper | Scrape finished with 25 records in buy mode for target 'Bromley' page 3 from https://www.rightmove.co.uk/property-for-sale/find.html with params={'locationIdentifier': 'REGION^225', 'propertyTypes': 'flat,terraced', 'mustHave': 'parking,garden', 'index': '48'}
2026-04-08 21:00:33,537 | INFO | scraper | Scrape finished with 25 records in buy mode for target 'Bromley' page 4 from https://www.rightmove.co.uk/property-for-sale/find.html with params={'locationIdentifier': 'REGION^225', 'propertyTypes': 'flat,terraced', 'mustHave': 'parking,garden', 'index': '72'}
2026-04-08 21:00:34,277 | INFO | scraper | Scrape finished with 25 records in buy mode for target 'Bromley' page 5 from https://www.rightmove.co.uk/property-for-sale/find.html with params={'locationIdentifier': 'REGION^225', 'propertyTypes': 'flat,terraced', 'mustHave': 'parking,garden', 'index': '96'}
2026-04-08 21:00:35,015 | INFO | scraper | Scrape finished with 25 records in buy mode for target 'Beckenham' page 1 from https://www.rightmove.co.uk/property-for-sale/find.html with params={'locationIdentifier': 'REGION^126', 'propertyTypes': 'flat,terraced', 'mustHave': 'parking,garden', 'index': '0'}
2026-04-08 21:00:35,859 | INFO | scraper | Scrape finished with 25 records in buy mode for target 'Beckenham' page 2 from https://www.rightmove.co.uk/property-for-sale/find.html with params={'locationIdentifier': 'REGION^126', 'propertyTypes': 'flat,terraced', 'mustHave': 'parking,garden', 'index': '24'}
2026-04-08 21:00:36,816 | INFO | scraper | Scrape finished with 24 records in buy mode for target 'Beckenham' page 3 from https://www.rightmove.co.uk/property-for-sale/find.html with params={'locationIdentifier': 'REGION^126', 'propertyTypes': 'flat,terraced', 'mustHave': 'parking,garden', 'index': '48'}
2026-04-08 21:00:38,063 | INFO | scraper | Scrape finished with 24 records in buy mode for target 'Beckenham' page 4 from https://www.rightmove.co.uk/property-for-sale/find.html with params={'locationIdentifier': 'REGION^126', 'propertyTypes': 'flat,terraced', 'mustHave': 'parking,garden', 'index': '72'}
2026-04-08 21:00:38,891 | INFO | scraper | Scrape finished with 20 records in buy mode for target 'Beckenham' page 5 from https://www.rightmove.co.uk/property-for-sale/find.html with params={'locationIdentifier': 'REGION^126', 'propertyTypes': 'flat,terraced', 'mustHave': 'parking,garden', 'index': '96'}
2026-04-08 21:00:40,075 | INFO | scraper | Scrape finished with 25 records in buy mode for target 'Hampstead' page 1 from https://www.rightmove.co.uk/property-for-sale/find.html with params={'locationIdentifier': 'REGION^87509', 'propertyTypes': 'flat,terraced', 'mustHave': 'parking,garden', 'index': '0'}
2026-04-08 21:00:41,129 | INFO | scraper | Scrape finished with 25 records in buy mode for target 'Hampstead' page 2 from https://www.rightmove.co.uk/property-for-sale/find.html with params={'locationIdentifier': 'REGION^87509', 'propertyTypes': 'flat,terraced', 'mustHave': 'parking,garden', 'index': '24'}
2026-04-08 21:00:43,854 | INFO | scraper | Scrape finished with 25 records in buy mode for target 'Hampstead' page 3 from https://www.rightmove.co.uk/property-for-sale/find.html with params={'locationIdentifier': 'REGION^87509', 'propertyTypes': 'flat,terraced', 'mustHave': 'parking,garden', 'index': '48'}
2026-04-08 21:00:44,841 | INFO | scraper | Scrape finished with 25 records in buy mode for target 'Hampstead' page 4 from https://www.rightmove.co.uk/property-for-sale/find.html with params={'locationIdentifier': 'REGION^87509', 'propertyTypes': 'flat,terraced', 'mustHave': 'parking,garden', 'index': '72'}
2026-04-08 21:00:45,870 | INFO | scraper | Scrape finished with 24 records in buy mode for target 'Hampstead' page 5 from https://www.rightmove.co.uk/property-for-sale/find.html with params={'locationIdentifier': 'REGION^87509', 'propertyTypes': 'flat,terraced', 'mustHave': 'parking,garden', 'index': '96'}
2026-04-08 21:00:46,634 | INFO | scraper | Scrape finished with 25 records in buy mode for target 'Romford' page 1 from https://www.rightmove.co.uk/property-for-sale/find.html with params={'locationIdentifier': 'REGION^1138', 'propertyTypes': 'flat,terraced', 'mustHave': 'parking,garden', 'index': '0'}
2026-04-08 21:00:47,893 | INFO | scraper | Scrape finished with 25 records in buy mode for target 'Romford' page 2 from https://www.rightmove.co.uk/property-for-sale/find.html with params={'locationIdentifier': 'REGION^1138', 'propertyTypes': 'flat,terraced', 'mustHave': 'parking,garden', 'index': '24'}
2026-04-08 21:00:48,748 | INFO | scraper | Scrape finished with 24 records in buy mode for target 'Romford' page 3 from https://www.rightmove.co.uk/property-for-sale/find.html with params={'locationIdentifier': 'REGION^1138', 'propertyTypes': 'flat,terraced', 'mustHave': 'parking,garden', 'index': '48'}
2026-04-08 21:00:50,245 | INFO | scraper | Scrape finished with 25 records in buy mode for target 'Romford' page 4 from https://www.rightmove.co.uk/property-for-sale/find.html with params={'locationIdentifier': 'REGION^1138', 'propertyTypes': 'flat,terraced', 'mustHave': 'parking,garden', 'index': '72'}
2026-04-08 21:00:51,383 | INFO | scraper | Scrape finished with 25 records in buy mode for target 'Romford' page 5 from https://www.rightmove.co.uk/property-for-sale/find.html with params={'locationIdentifier': 'REGION^1138', 'propertyTypes': 'flat,terraced', 'mustHave': 'parking,garden', 'index': '96'}
2026-04-08 21:00:52,504 | INFO | scraper | Scrape finished with 25 records in buy mode for target 'Walthamstow' page 1 from https://www.rightmove.co.uk/property-for-sale/find.html with params={'locationIdentifier': 'REGION^85310', 'propertyTypes': 'flat,terraced', 'mustHave': 'parking,garden', 'index': '0'}
2026-04-08 21:00:53,654 | INFO | scraper | Scrape finished with 24 records in buy mode for target 'Walthamstow' page 2 from https://www.rightmove.co.uk/property-for-sale/find.html with params={'locationIdentifier': 'REGION^85310', 'propertyTypes': 'flat,terraced', 'mustHave': 'parking,garden', 'index': '24'}
2026-04-08 21:00:54,342 | INFO | scraper | Scrape finished with 25 records in buy mode for target 'Walthamstow' page 3 from https://www.rightmove.co.uk/property-for-sale/find.html with params={'locationIdentifier': 'REGION^85310', 'propertyTypes': 'flat,terraced', 'mustHave': 'parking,garden', 'index': '48'}
2026-04-08 21:00:55,068 | INFO | scraper | Scrape finished with 24 records in buy mode for target 'Walthamstow' page 4 from https://www.rightmove.co.uk/property-for-sale/find.html with params={'locationIdentifier': 'REGION^85310', 'propertyTypes': 'flat,terraced', 'mustHave': 'parking,garden', 'index': '72'}
2026-04-08 21:00:56,087 | INFO | scraper | Scrape finished with 25 records in buy mode for target 'Walthamstow' page 5 from https://www.rightmove.co.uk/property-for-sale/find.html with params={'locationIdentifier': 'REGION^85310', 'propertyTypes': 'flat,terraced', 'mustHave': 'parking,garden', 'index': '96'}
2026-04-08 21:00:56,190 | INFO | scraper | Inserted 72 new buy rows into D:\Housing Int\real_estate_scraper\database\raw_data.db and refreshed 1024 existing rows
